2026-08-31  2:06:55 0 [Note] Starting MariaDB 11.4.13-MariaDB source revision 170b1d70737be6f134448f51713cdc1ae215b420 server_uid LX+Od751f4CD4Tqj1XRVfxHRTBM= as process 56040
2026-08-31  2:06:55 0 [Note] InnoDB: The first data file './ibdata1' did not exist. A new tablespace will be created!
2026-08-31  2:06:55 0 [Note] InnoDB: Compressed tables use zlib 1.3.2
2026-08-31  2:06:55 0 [Note] InnoDB: Number of transaction pools: 1
2026-08-31  2:06:55 0 [Note] InnoDB: Using crc32 + pclmulqdq instructions
2026-08-31  2:06:55 0 [Note] InnoDB: Using ThreadPool
2026-08-31  2:06:55 0 [Note] InnoDB: innodb_buffer_pool_size_max=8388608m, innodb_buffer_pool_size=21m
2026-08-31  2:06:55 0 [Note] InnoDB: Completed initialization of buffer pool
2026-08-31  2:06:55 0 [Note] InnoDB: Setting file './ibdata1' size to 12.000MiB. Physically writing the file full; Please wait ...
2026-08-31  2:06:55 0 [Note] InnoDB: File './ibdata1' size is now 12.000MiB.
2026-08-31  2:06:55 0 [Note] InnoDB: File system buffers for log disabled (block size=4096 bytes)
2026-08-31  2:06:55 0 [Note] InnoDB: Data file .//undo001 did not exist: new to be created
2026-08-31  2:06:55 0 [Note] InnoDB: Setting file .//undo001 size to 10.000MiB
2026-08-31  2:06:55 0 [Note] InnoDB: Database physically writes the file full: wait...
2026-08-31  2:06:55 0 [Note] InnoDB: Data file .//undo002 did not exist: new to be created
2026-08-31  2:06:55 0 [Note] InnoDB: Setting file .//undo002 size to 10.000MiB
2026-08-31  2:06:55 0 [Note] InnoDB: Database physically writes the file full: wait...
2026-08-31  2:06:55 0 [Note] InnoDB: Data file .//undo003 did not exist: new to be created
2026-08-31  2:06:55 0 [Note] InnoDB: Setting file .//undo003 size to 10.000MiB
2026-08-31  2:06:55 0 [Note] InnoDB: Database physically writes the file full: wait...
2026-08-31  2:06:55 0 [Note] InnoDB: Doublewrite buffer not found: creating new
2026-08-31  2:06:55 0 [Note] InnoDB: Doublewrite buffer created
2026-08-31  2:06:55 0 [Note] InnoDB: Opened 3 undo tablespaces
2026-08-31  2:06:55 0 [Note] InnoDB: 128 rollback segments in 3 undo tablespaces are active.
2026-08-31  2:06:55 0 [Note] InnoDB: Setting file './ibtmp1' size to 12.000MiB. Physically writing the file full; Please wait ...
2026-08-31  2:06:55 0 [Note] InnoDB: File './ibtmp1' size is now 12.000MiB.
2026-08-31  2:06:55 0 [Note] InnoDB: log sequence number 0; transaction id 3
2026-08-31  2:06:55 0 [Note] Plugin 'FEEDBACK' is disabled.
2026-08-31  2:06:55 0 [Note] mysqld.exe: SSPI: using principal name 'localhost', mech 'Negotiate'
2026-08-31  2:07:03 0 [Note] Starting MariaDB 11.4.13-MariaDB source revision 170b1d70737be6f134448f51713cdc1ae215b420 server_uid LX+Od751f4CD4Tqj1XRVfxHRTBM= as process 46192
2026-08-31  2:07:03 0 [Note] InnoDB: Compressed tables use zlib 1.3.2
2026-08-31  2:07:03 0 [Note] InnoDB: Number of transaction pools: 1
2026-08-31  2:07:03 0 [Note] InnoDB: Using crc32 + pclmulqdq instructions
2026-08-31  2:07:03 0 [Note] InnoDB: Using ThreadPool
2026-08-31  2:07:03 0 [Note] InnoDB: innodb_buffer_pool_size_max=8388608m, innodb_buffer_pool_size=128m
2026-08-31  2:07:03 0 [Note] InnoDB: Completed initialization of buffer pool
2026-08-31  2:07:03 0 [Note] InnoDB: File system buffers for log disabled (block size=4096 bytes)
2026-08-31  2:07:03 0 [Note] InnoDB: End of log at LSN=45568
2026-08-31  2:07:03 0 [Note] InnoDB: Opened 3 undo tablespaces
2026-08-31  2:07:03 0 [Note] InnoDB: 128 rollback segments in 3 undo tablespaces are active.
2026-08-31  2:07:03 0 [Note] InnoDB: Setting file './ibtmp1' size to 12.000MiB. Physically writing the file full; Please wait ...
2026-08-31  2:07:03 0 [Note] InnoDB: File './ibtmp1' size is now 12.000MiB.
2026-08-31  2:07:03 0 [Note] InnoDB: log sequence number 45568; transaction id 14
2026-08-31  2:07:03 0 [Note] InnoDB: Loading buffer pool(s) from D:\website\.tools\mariadb\mariadb-11.4.13-winx64\data\ib_buffer_pool
2026-08-31  2:07:03 0 [Note] Plugin 'FEEDBACK' is disabled.
2026-08-31  2:07:03 0 [Note] mysqld.exe: SSPI: using principal name 'localhost', mech 'Negotiate'
2026-08-31  2:07:03 0 [Note] InnoDB: Buffer pool(s) load completed at 260831  2:07:03
2026-08-31  2:07:03 0 [Note] Server socket created on IP: '127.0.0.1', port: '3306'.
2026-08-31  2:07:03 0 [Note] mysqld.exe: Event Scheduler: Loaded 0 events
2026-08-31  2:07:03 0 [Note] D:\website\.tools\mariadb\mariadb-11.4.13-winx64\bin\mysqld.exe: ready for connections.
Version: '11.4.13-MariaDB'  socket: ''  port: 3306  MariaDB Server
